// Jest Snapshot v1, https://goo.gl/fbAQLP

exports[`renders correctly 1`] = `
<nav
  aria-label="Page navigation example"
  className=""
>
  <ul
    className="pagination pagination-sm"
  >
    <li
      className="page-item disabled"
    >
      <button
        aria-label="First"
        className="page-link"
        onClick={[Function]}
      >
        <span
          aria-hidden="true"
        >
          «
        </span>
        <span
          className="sr-only"
        >
          First
        </span>
      </button>
    </li>
    <li
      className="page-item disabled"
    >
      <button
        aria-label="Previous"
        className="page-link"
        onClick={[Function]}
      >
        <span
          aria-hidden="true"
        >
          ‹
        </span>
        <span
          className="sr-only"
        >
          Previous
        </span>
      </button>
    </li>
    <li
      className="page-item"
    >
      page 
      1
       of 
      0
    </li>
    <li
      className="page-item"
    >
      <button
        aria-label="Next"
        className="page-link"
        onClick={[Function]}
      >
        <span
          aria-hidden="true"
        >
          ›
        </span>
        <span
          className="sr-only"
        >
          Next
        </span>
      </button>
    </li>
    <li
      className="page-item"
    >
      <button
        aria-label="Last"
        className="page-link"
        onClick={[Function]}
      >
        <span
          aria-hidden="true"
        >
          »
        </span>
        <span
          className="sr-only"
        >
          Last
        </span>
      </button>
    </li>
  </ul>
</nav>
`;
